
Memory Configuration

Name             Origin             Length             Attributes
rom              0x0000000000000000 0x0000000000010000 xr
ram              0x0000000000010000 0x0000000000010000 xrw
*default*        0x0000000000000000 0xffffffffffffffff

Linker script and memory map

LOAD start.o
LOAD main.o

.reset
 *setup.s.o(.text)

.text           0x0000000000000000       0x45
 *(.text)
 .text          0x0000000000000000       0x24 start.o
                0x0000000000000000                _start
 .text          0x0000000000000024        0x4 main.o
                0x0000000000000024                uart_driver_init
                0x0000000000000026                invalid_excp
 *(.note.gnu.build-id)
 *(.ARM.attributes)
 *(.rodata .rodata.*)
 .rodata.str1.8
                0x0000000000000028       0x1d main.o

.text.startup   0x0000000000000046       0x1a
 .text.startup  0x0000000000000046       0x1a main.o
                0x0000000000000046                main

.rela.dyn       0x0000000000000060        0x0
 .rela.text     0x0000000000000060        0x0 start.o

.data           0x0000000000010000        0x0
 *(.data)
 .data          0x0000000000010000        0x0 start.o
 .data          0x0000000000010000        0x0 main.o

.bss            0x0000000000010000        0x0
                0x0000000000010000                . = ALIGN (0x8)
                0x0000000000010000                __bss_start = .
 *(.shbss)
 *(.bss .bss.*)
 .bss           0x0000000000010000        0x0 start.o
 .bss           0x0000000000010000        0x0 main.o
 *(COMMON)
                0x0000000000010000                . = ALIGN (0x8)
                0x0000000000010000                __bss_end = .

.stack          0x0000000000010000     0x2000
                0x0000000000011000                . = (. + 0x1000)
 *fill*         0x0000000000010000     0x1000 
                0x0000000000011000                . = ALIGN (0x8)
                0x0000000000011000                _initial_sp = .
                0x0000000000012000                . = (. + 0x1000)
 *fill*         0x0000000000011000     0x1000 
                0x0000000000012000                . = ALIGN (0x8)
                0x0000000000012000                _initial_irq_sp = .
OUTPUT(hello.elf elf64-littleriscv)

.riscv.attributes
                0x0000000000000000       0x39
 .riscv.attributes
                0x0000000000000000       0x37 start.o
 .riscv.attributes
                0x0000000000000037       0x35 main.o

.comment        0x0000000000000000        0xf
 .comment       0x0000000000000000        0xf main.o
                                         0x10 (size before relaxing)
